V3 3
FL C:/Users/Nacho/Documents/GitHub/dig3/TUVIEJAENTANGA/IRQControl.vhd 2015/04/08.10:30:32 J.36
EN isim_temp/IRQControl 1428499836 \
      FL C:/Users/Nacho/Documents/GitHub/dig3/TUVIEJAENTANGA/IRQControl.vhd \
      PB ieee/std_logic_1164 1179176983 PB ieee/std_logic_arith 1179176985 \
      PB ieee/STD_LOGIC_UNSIGNED 1179176991
AR isim_temp/IRQControl/Behavioral 1428499837 \
      FL C:/Users/Nacho/Documents/GitHub/dig3/TUVIEJAENTANGA/IRQControl.vhd \
      EN isim_temp/IRQControl 1428499836
