EN reloj NULL C:/Dig3/dig3/TUVIEJAENTANGA/Reloj.vhd sub00/vhpl08 1428368526
EN test1_tb NULL C:/Users/Nacho/Documents/GitHub/dig3/TUVIEJAENTANGA/Test1_TB.vhw sub00/vhpl06 1428499944
EN testlatch NULL C:/Dig3/dig3/TUVIEJAENTANGA/TestLatch.vhw sub00/vhpl02 1428366868
AR test1_tb testbench_arch C:/Users/Nacho/Documents/GitHub/dig3/TUVIEJAENTANGA/Test1_TB.vhw sub00/vhpl07 1428499945
EN irqcontrol NULL C:/Users/Nacho/Documents/GitHub/dig3/TUVIEJAENTANGA/IRQControl.vhd sub00/vhpl04 1428499942
AR latch_de_direcciones paco C:/Dig3/dig3/TUVIEJAENTANGA/Latch_De_Direcciones.vhd sub00/vhpl01 1428366867
AR reloj nadadezurdos C:/Dig3/dig3/TUVIEJAENTANGA/Reloj.vhd sub00/vhpl09 1428368527
EN latch_de_direcciones NULL C:/Dig3/dig3/TUVIEJAENTANGA/Latch_De_Direcciones.vhd sub00/vhpl00 1428366866
AR irqcontrol behavioral C:/Users/Nacho/Documents/GitHub/dig3/TUVIEJAENTANGA/IRQControl.vhd sub00/vhpl05 1428499943
AR testlatch testbench_arch C:/Dig3/dig3/TUVIEJAENTANGA/TestLatch.vhw sub00/vhpl03 1428366869
