V3 28
FL C:/Users/Nacho/Documents/GitHub/dig3/TUVIEJAENTANGA/IRQControl.vhd 2015/04/08.13:41:28 J.36
EN work/IRQControl 1428515886 \
      FL C:/Users/Nacho/Documents/GitHub/dig3/TUVIEJAENTANGA/IRQControl.vhd \
      PB ieee/std_logic_1164 1179176983 PB ieee/std_logic_arith 1179176985 \
      PB ieee/STD_LOGIC_UNSIGNED 1179176991
AR work/IRQControl/Behavioral 1428515887 \
      FL C:/Users/Nacho/Documents/GitHub/dig3/TUVIEJAENTANGA/IRQControl.vhd \
      EN work/IRQControl 1428515886
FL C:/Users/Nacho/Documents/GitHub/dig3/TUVIEJAENTANGA/Latch_De_Direcciones.vhd 2015/04/06.17:31:31 J.36
EN work/Latch_De_Direcciones 1428516582 \
      FL C:/Users/Nacho/Documents/GitHub/dig3/TUVIEJAENTANGA/Latch_De_Direcciones.vhd \
      PB ieee/std_logic_1164 1179176983 PB ieee/std_logic_arith 1179176985 \
      PB ieee/STD_LOGIC_UNSIGNED 1179176991
AR work/Latch_De_Direcciones/PACO 1428516583 \
      FL C:/Users/Nacho/Documents/GitHub/dig3/TUVIEJAENTANGA/Latch_De_Direcciones.vhd \
      EN work/Latch_De_Direcciones 1428516582
FL C:/Users/Nacho/Documents/GitHub/dig3/TUVIEJAENTANGA/Reg_de_Paginacion.vhd 2015/04/06.17:31:31 J.36
EN work/Reg_de_Paginacion 1428521241 \
      FL C:/Users/Nacho/Documents/GitHub/dig3/TUVIEJAENTANGA/Reg_de_Paginacion.vhd \
      PB ieee/std_logic_1164 1179176983 PB ieee/std_logic_arith 1179176985 \
      PB ieee/STD_LOGIC_UNSIGNED 1179176991
AR work/Reg_de_Paginacion/Fermin 1428521242 \
      FL C:/Users/Nacho/Documents/GitHub/dig3/TUVIEJAENTANGA/Reg_de_Paginacion.vhd \
      EN work/Reg_de_Paginacion 1428521241
FL C:/Users/Nacho/Documents/GitHub/dig3/TUVIEJAENTANGA/Reloj.vhd 2015/04/06.17:31:32 J.36
EN work/Reloj 1428516846 \
      FL C:/Users/Nacho/Documents/GitHub/dig3/TUVIEJAENTANGA/Reloj.vhd \
      PB ieee/std_logic_1164 1179176983 PB ieee/std_logic_arith 1179176985 \
      PB ieee/STD_LOGIC_UNSIGNED 1179176991
AR work/Reloj/NADADEZURDOS 1428516847 \
      FL C:/Users/Nacho/Documents/GitHub/dig3/TUVIEJAENTANGA/Reloj.vhd \
      EN work/Reloj 1428516846
FL C:/Users/Nacho/Documents/GitHub/dig3/TUVIEJAENTANGA/TEST1_TB.vhw 2015/04/08.14:58:05 J.36
EN work/TEST1_TB 1428515888 \
      FL C:/Users/Nacho/Documents/GitHub/dig3/TUVIEJAENTANGA/TEST1_TB.vhw \
      PB ieee/std_logic_1164 1179176983 PB ieee/std_logic_arith 1179176985 \
      PB ieee/STD_LOGIC_UNSIGNED 1179176991 PB ieee/STD_LOGIC_TEXTIO 1179176993 \
      PB std/textio 1179176969
AR work/TEST1_TB/testbench_arch 1428515889 \
      FL C:/Users/Nacho/Documents/GitHub/dig3/TUVIEJAENTANGA/TEST1_TB.vhw \
      EN work/TEST1_TB 1428515888 CP IRQControl
FL C:/Users/Nacho/Documents/GitHub/dig3/TUVIEJAENTANGA/Testclock.vhw 2015/04/08.15:14:05 J.36
EN work/Testclock 1428516848 \
      FL C:/Users/Nacho/Documents/GitHub/dig3/TUVIEJAENTANGA/Testclock.vhw \
      PB ieee/std_logic_1164 1179176983 PB ieee/std_logic_arith 1179176985 \
      PB ieee/STD_LOGIC_UNSIGNED 1179176991 PB ieee/STD_LOGIC_TEXTIO 1179176993 \
      PB std/textio 1179176969
AR work/Testclock/testbench_arch 1428516849 \
      FL C:/Users/Nacho/Documents/GitHub/dig3/TUVIEJAENTANGA/Testclock.vhw \
      EN work/Testclock 1428516848 CP Reloj
FL C:/Users/Nacho/Documents/GitHub/dig3/TUVIEJAENTANGA/TestLatch.vhw 2015/04/08.15:09:40 J.36
EN work/TestLatch 1428516584 \
      FL C:/Users/Nacho/Documents/GitHub/dig3/TUVIEJAENTANGA/TestLatch.vhw \
      PB ieee/std_logic_1164 1179176983 PB ieee/std_logic_arith 1179176985 \
      PB ieee/STD_LOGIC_UNSIGNED 1179176991 PB ieee/STD_LOGIC_TEXTIO 1179176993 \
      PB std/textio 1179176969
AR work/TestLatch/testbench_arch 1428516585 \
      FL C:/Users/Nacho/Documents/GitHub/dig3/TUVIEJAENTANGA/TestLatch.vhw \
      EN work/TestLatch 1428516584 CP Latch_De_Direcciones
FL C:/Users/Nacho/Documents/GitHub/dig3/TUVIEJAENTANGA/TestPag.vhw 2015/04/08.16:44:38 J.36
EN work/TestPag 1428522285 \
      FL C:/Users/Nacho/Documents/GitHub/dig3/TUVIEJAENTANGA/TestPag.vhw \
      PB ieee/std_logic_1164 1179176983 PB ieee/std_logic_arith 1179176985 \
      PB ieee/STD_LOGIC_UNSIGNED 1179176991 PB ieee/STD_LOGIC_TEXTIO 1179176993 \
      PB std/textio 1179176969
AR work/TestPag/testbench_arch 1428522286 \
      FL C:/Users/Nacho/Documents/GitHub/dig3/TUVIEJAENTANGA/TestPag.vhw \
      EN work/TestPag 1428522285 CP Reg_de_Paginacion
